C:\Users\dipu\Documents\NetBeansProjects\mycart\src\main\java\com\learn\mycart\servlets\LoginServlet.java
C:\Users\dipu\Documents\NetBeansProjects\mycart\src\main\java\com\learn\mycart\dao\CategoryDao.java
C:\Users\dipu\Documents\NetBeansProjects\mycart\src\main\java\com\learn\mycart\dao\ProductDao.java
C:\Users\dipu\Documents\NetBeansProjects\mycart\src\main\java\com\learn\mycart\entities\LikeOption.java
C:\Users\dipu\Documents\NetBeansProjects\mycart\src\main\java\com\learn\mycart\helper\ConnectionProvider.java
C:\Users\dipu\Documents\NetBeansProjects\mycart\src\main\java\com\learn\mycart\dao\UserDao.java
C:\Users\dipu\Documents\NetBeansProjects\mycart\src\main\java\com\learn\mycart\entities\Category.java
C:\Users\dipu\Documents\NetBeansProjects\mycart\src\main\java\com\learn\mycart\servlets\RegisterServlet.java
C:\Users\dipu\Documents\NetBeansProjects\mycart\src\main\java\com\learn\mycart\entities\User.java
C:\Users\dipu\Documents\NetBeansProjects\mycart\src\main\java\com\learn\mycart\servlets\EditServlet.java
C:\Users\dipu\Documents\NetBeansProjects\mycart\src\main\java\com\learn\mycart\servlets\LikeServlet.java
C:\Users\dipu\Documents\NetBeansProjects\mycart\src\main\java\com\learn\mycart\servlets\ProductOperationServlet.java
C:\Users\dipu\Documents\NetBeansProjects\mycart\src\main\java\com\learn\mycart\entities\PStore.java
C:\Users\dipu\Documents\NetBeansProjects\mycart\src\main\java\com\learn\mycart\helper\FactoryProvider.java
C:\Users\dipu\Documents\NetBeansProjects\mycart\src\main\java\com\learn\mycart\servlets\LogoutServlet.java
C:\Users\dipu\Documents\NetBeansProjects\mycart\src\main\java\com\learn\mycart\dao\LikeDao.java
C:\Users\dipu\Documents\NetBeansProjects\mycart\src\main\java\com\learn\mycart\helper\Helper.java
C:\Users\dipu\Documents\NetBeansProjects\mycart\src\main\java\com\learn\mycart\servlets\deleteServlet.java
C:\Users\dipu\Documents\NetBeansProjects\mycart\src\main\java\com\learn\mycart\entities\Product.java
C:\Users\dipu\Documents\NetBeansProjects\mycart\src\main\java\com\learn\mycart\servlets\SaveServlet.java
